2026-09-28T18:52:44.978 ### logger opened COM5 @ 115200 (reopen #1)
2026-09-28T18:52:51.101 I (547320) ps_refresh: No eligible channels to refresh (7 pending on channel freshness). Next check in 10 seconds.
2026-09-28T18:53:03.202 I (559420) ps_refresh: No eligible channels to refresh (7 pending on channel freshness). Next check in 10 seconds.
2026-09-28T18:53:10.122 I (566334) ps_chsel: Stochastic selected channel[3] 'Giphy: Trending' (credit was -13118, now -78654)
2026-09-28T18:53:10.123 I (566334) ps_pick: >>> PICKED (RandomPick): LAi_index=3, Ci_index=2, post_id=659806199, pool_size=32, attempt=1, storage_key=SOXJmArw...
2026-09-28T18:53:15.299 I (571520) ps_refresh: No eligible channels to refresh (7 pending on channel freshness). Next check in 10 seconds.
2026-09-28T18:53:27.411 I (583620) ps_refresh: No eligible channels to refresh (7 pending on channel freshness). Next check in 10 seconds.
2026-09-28T18:53:40.372 I (595720) ps_refresh: No eligible channels to refresh (7 pending on channel freshness). Next check in 10 seconds.
2026-09-28T18:53:40.373 I (596582) ps_chsel: Stochastic selected channel[1] 'm o n s t e r' (credit was 52425, now -13111)
2026-09-28T18:53:40.374 I (596582) ps_pick: >>> PICKED (RandomPick): LAi_index=26, Ci_index=29, post_id=3625, pool_size=28, attempt=1, storage_key=69dc43db...
2026-09-28T18:53:45.807 I (602027) view_tracker: View event sent: post_id=3625, intent=channel, channel=by_user, play_order=2, ack=false
2026-09-28T18:53:51.612 I (607828) ps_refresh: No eligible channels to refresh (7 pending on channel freshness). Next check in 10 seconds.
2026-09-28T18:54:03.740 I (619960) ps_refresh: No eligible channels to refresh (7 pending on channel freshness). Next check in 10 seconds.
2026-09-28T18:54:10.486 I (626687) ps_chsel: Stochastic selected channel[3] 'Giphy: Trending' (credit was -12, now -65548)
2026-09-28T18:54:10.488 I (626687) ps_pick: >>> PICKED (RandomPick): LAi_index=23, Ci_index=13, post_id=890871956, pool_size=32, attempt=1, storage_key=13hxeOYj...
2026-09-28T18:54:15.849 I (632069) ps_refresh: No eligible channels to refresh (7 pending on channel freshness). Next check in 10 seconds.
2026-09-28T18:54:27.956 I (644169) ps_refresh: No eligible channels to refresh (7 pending on channel freshness). Next check in 10 seconds.
2026-09-28T18:54:41.047 I (656269) ps_refresh: No eligible channels to refresh (7 pending on channel freshness). Next check in 10 seconds.
2026-09-28T18:54:41.048 I (657256) ps_chsel: Stochastic selected channel[1] 'm o n s t e r' (credit was 13103, now -52433)
2026-09-28T18:54:41.049 I (657256) ps_pick: >>> PICKED (RandomPick): LAi_index=3, Ci_index=3, post_id=3930, pool_size=28, attempt=1, storage_key=3b3f7b7e...
2026-09-28T18:54:46.420 I (662633) view_tracker: View event sent: post_id=3930, intent=channel, channel=by_user, play_order=2, ack=false
2026-09-28T18:54:52.188 I (668399) ps_refresh: No eligible channels to refresh (7 pending on channel freshness). Next check in 10 seconds.
2026-09-28T18:55:04.326 I (680544) ps_refresh: No eligible channels to refresh (7 pending on channel freshness). Next check in 10 seconds.
2026-09-28T18:55:11.153 I (687361) ps_chsel: Stochastic selected channel[0] 'Promoted' (credit was 91746, now 26210)
2026-09-28T18:55:11.155 I (687361) ps_pick: >>> PICKED (RandomPick): LAi_index=17, Ci_index=14, post_id=3832, pool_size=30, attempt=1, storage_key=93fa97e7...
2026-09-28T18:55:16.533 I (692673) ps_refresh: No eligible channels to refresh (7 pending on channel freshness). Next check in 10 seconds.
2026-09-28T18:55:16.535 I (692753) view_tracker: View event sent: post_id=3832, intent=channel, channel=promoted, play_order=2, ack=false
2026-09-28T18:55:28.572 I (704780) ps_refresh: No eligible channels to refresh (7 pending on channel freshness). Next check in 10 seconds.
2026-09-28T18:55:41.278 I (716890) ps_refresh: No eligible channels to refresh (7 pending on channel freshness). Next check in 10 seconds.
2026-09-28T18:55:41.279 I (717477) ps_chsel: Stochastic selected channel[3] 'Giphy: Trending' (credit was 52415, now -13121)
2026-09-28T18:55:41.279 I (717477) ps_pick: >>> PICKED (RandomPick): LAi_index=21, Ci_index=16, post_id=412295102, pool_size=32, attempt=1, storage_key=ep78UZy5...
2026-09-28T18:55:52.770 I (728990) ps_refresh: No eligible channels to refresh (7 pending on channel freshness). Next check in 10 seconds.
2026-09-28T18:56:04.881 I (741090) ps_refresh: No eligible channels to refresh (7 pending on channel freshness). Next check in 10 seconds.
2026-09-28T18:56:11.515 I (747713) ps_chsel: Stochastic selected channel[3] 'Giphy: Trending' (credit was 26200, now -39336)
2026-09-28T18:56:11.516 I (747713) ps_pick: >>> PICKED (RandomPick): LAi_index=29, Ci_index=19, post_id=1715781592, pool_size=32, attempt=1, storage_key=JpG2A9P3...
2026-09-28T18:56:16.979 I (753190) ps_refresh: No eligible channels to refresh (7 pending on channel freshness). Next check in 10 seconds.
2026-09-28T18:56:29.081 I (765290) ps_refresh: No eligible channels to refresh (7 pending on channel freshness). Next check in 10 seconds.
2026-09-28T18:56:41.667 I (777390) ps_refresh: No eligible channels to refresh (7 pending on channel freshness). Next check in 10 seconds.
2026-09-28T18:56:41.668 I (777872) ps_chsel: Stochastic selected channel[3] 'Giphy: Trending' (credit was -15, now -65551)
2026-09-28T18:56:41.668 I (777872) ps_pick: >>> PICKED (RandomPick): LAi_index=11, Ci_index=29, post_id=945465633, pool_size=32, attempt=1, storage_key=fa1AV8Uv...
2026-09-28T18:56:53.279 I (789490) ps_refresh: No eligible channels to refresh (7 pending on channel freshness). Next check in 10 seconds.
2026-09-28T18:57:05.373 I (801590) ps_refresh: No eligible channels to refresh (7 pending on channel freshness). Next check in 10 seconds.
2026-09-28T18:57:12.037 I (808240) ps_chsel: Stochastic selected channel[3] 'Giphy: Trending' (credit was -26230, now -91766)
2026-09-28T18:57:12.038 I (808240) ps_pick: >>> PICKED (RandomPick): LAi_index=14, Ci_index=17, post_id=113854202, pool_size=32, attempt=1, storage_key=lkdH8FmI...
2026-09-28T18:57:17.477 I (813690) ps_refresh: No eligible channels to refresh (7 pending on channel freshness). Next check in 10 seconds.
2026-09-28T18:57:29.572 I (825790) ps_refresh: No eligible channels to refresh (7 pending on channel freshness). Next check in 10 seconds.
2026-09-28T18:57:42.288 I (837890) ps_refresh: No eligible channels to refresh (7 pending on channel freshness). Next check in 10 seconds.
2026-09-28T18:57:42.289 I (838492) ps_chsel: Stochastic selected channel[1] 'm o n s t e r' (credit was 26209, now -39327)
2026-09-28T18:57:42.290 I (838492) ps_pick: >>> PICKED (RandomPick): LAi_index=0, Ci_index=0, post_id=3967, pool_size=28, attempt=1, storage_key=31350781...
2026-09-28T18:57:47.577 I (843800) view_tracker: View event sent: post_id=3967, intent=channel, channel=by_user, play_order=2, ack=false
2026-09-28T18:57:53.771 I (849993) ps_refresh: No eligible channels to refresh (7 pending on channel freshness). Next check in 10 seconds.
2026-09-28T18:58:05.902 I (862117) ps_refresh: No eligible channels to refresh (7 pending on channel freshness). Next check in 10 seconds.
2026-09-28T18:58:12.342 I (868548) ps_chsel: Stochastic selected channel[3] 'Giphy: Trending' (credit was -13124, now -78660)
2026-09-28T18:58:12.344 I (868549) ps_pick: >>> PICKED (RandomPick): LAi_index=4, Ci_index=10, post_id=1214246056, pool_size=32, attempt=1, storage_key=QUFcGXaJ...
2026-09-28T18:58:18.016 I (874218) ps_refresh: No eligible channels to refresh (7 pending on channel freshness). Next check in 10 seconds.
2026-09-28T18:58:30.115 I (886318) ps_refresh: No eligible channels to refresh (7 pending on channel freshness). Next check in 10 seconds.
2026-09-28T18:58:42.723 I (898418) ps_refresh: No eligible channels to refresh (7 pending on channel freshness). Next check in 10 seconds.
2026-09-28T18:58:42.724 I (898914) ps_chsel: Stochastic selected channel[0] 'Promoted' (credit was 117959, now 52423)
2026-09-28T18:58:42.725 I (898914) ps_pick: >>> PICKED (RandomPick): LAi_index=16, Ci_index=12, post_id=3835, pool_size=30, attempt=1, storage_key=5ef0b27d...
2026-09-28T18:58:47.783 I (903995) view_tracker: View event sent: post_id=3835, intent=channel, channel=promoted, play_order=2, ack=false
2026-09-28T18:58:54.309 I (910518) ps_refresh: No eligible channels to refresh (7 pending on channel freshness). Next check in 10 seconds.
2026-09-28T18:59:06.423 I (922632) ps_refresh: No eligible channels to refresh (7 pending on channel freshness). Next check in 10 seconds.
2026-09-28T18:59:12.760 I (928960) ps_chsel: Stochastic selected channel[1] 'm o n s t e r' (credit was -6, now -65542)
2026-09-28T18:59:12.761 I (928960) ps_pick: >>> PICKED (RandomPick): LAi_index=6, Ci_index=6, post_id=3925, pool_size=28, attempt=1, storage_key=f12030f3...
2026-09-28T18:59:18.520 I (934536) view_tracker: View event sent: post_id=3925, intent=channel, channel=by_user, play_order=2, ack=false
2026-09-28T18:59:18.521 I (934732) ps_refresh: No eligible channels to refresh (7 pending on channel freshness). Next check in 10 seconds.
2026-09-28T18:59:30.638 I (946862) ps_refresh: No eligible channels to refresh (7 pending on channel freshness). Next check in 10 seconds.
2026-09-28T18:59:42.937 I (958996) ps_refresh: No eligible channels to refresh (7 pending on channel freshness). Next check in 10 seconds.
2026-09-28T18:59:42.939 I (959130) ps_chsel: Stochastic selected channel[3] 'Giphy: Trending' (credit was 39303, now -26233)
2026-09-28T18:59:42.939 I (959130) ps_pick: >>> PICKED (RandomPick): LAi_index=2, Ci_index=0, post_id=1668809304, pool_size=32, attempt=1, storage_key=7tFmVu8W...
2026-09-28T18:59:54.890 I (971096) ps_refresh: No eligible channels to refresh (7 pending on channel freshness). Next check in 10 seconds.
2026-09-28T19:00:06.993 I (983196) ps_refresh: No eligible channels to refresh (7 pending on channel freshness). Next check in 10 seconds.
2026-09-28T19:00:13.268 I (989468) ps_chsel: Stochastic selected channel[3] 'Giphy: Trending' (credit was 13088, now -52448)
2026-09-28T19:00:13.269 I (989468) ps_pick: >>> PICKED (RandomPick): LAi_index=22, Ci_index=25, post_id=323920616, pool_size=32, attempt=1, storage_key=pa37AAGz...
2026-09-28T19:00:19.075 I (995296) ps_refresh: No eligible channels to refresh (7 pending on channel freshness). Next check in 10 seconds.
2026-09-28T19:00:31.183 I (1007396) ps_refresh: No eligible channels to refresh (7 pending on channel freshness). Next check in 10 seconds.
2026-09-28T19:00:43.531 I (1019496) ps_refresh: No eligible channels to refresh (7 pending on channel freshness). Next check in 10 seconds.
2026-09-28T19:00:43.532 I (1019699) ps_chsel: Stochastic selected channel[0] 'Promoted' (credit was 104851, now 39315)
2026-09-28T19:00:43.533 I (1019699) ps_pick: >>> PICKED (RandomPick): LAi_index=0, Ci_index=1, post_id=3969, pool_size=30, attempt=1, storage_key=283a968f...
2026-09-28T19:00:43.533 I (1019740) png_decoder: PNG decoder initialized: 256x256, transparency=1
2026-09-28T19:00:49.018 I (1025217) view_tracker: View event sent: post_id=3969, intent=channel, channel=promoted, play_order=2, ack=false
2026-09-28T19:00:55.383 I (1031596) ps_refresh: No eligible channels to refresh (7 pending on channel freshness). Next check in 10 seconds.
2026-09-28T19:01:07.486 I (1043696) ps_refresh: No eligible channels to refresh (7 pending on channel freshness). Next check in 10 seconds.
2026-09-28T19:01:13.681 I (1049867) ps_chsel: Stochastic selected channel[3] 'Giphy: Trending' (credit was 26194, now -39342)
2026-09-28T19:01:13.682 I (1049867) ps_pick: >>> PICKED (RandomPick): LAi_index=13, Ci_index=14, post_id=1566262439, pool_size=32, attempt=1, storage_key=lszAB3Tz...
2026-09-28T19:01:19.593 I (1055796) ps_refresh: No eligible channels to refresh (7 pending on channel freshness). Next check in 10 seconds.
2026-09-28T19:01:31.694 I (1067896) ps_refresh: No eligible channels to refresh (7 pending on channel freshness). Next check in 10 seconds.
2026-09-28T19:01:43.981 I (1079996) ps_refresh: No eligible channels to refresh (7 pending on channel freshness). Next check in 10 seconds.
2026-09-28T19:01:43.982 I (1080175) ps_chsel: Stochastic selected channel[3] 'Giphy: Trending' (credit was -21, now -65557)
2026-09-28T19:01:43.983 I (1080175) ps_pick: >>> PICKED (RandomPick): LAi_index=31, Ci_index=24, post_id=281552874, pool_size=32, attempt=1, storage_key=udiIFmPk...
